
> react-kavia@0.1.0 start
> cross-env EDIT_MODE=true webpack serve --config .ve/webpack.config.js --mode development

<i> [webpack-dev-server] Project is running at:
<i> [webpack-dev-server] Loopback: http://localhost:3000/, http://[::1]:3000/
<i> [webpack-dev-server] On Your Network (IPv4): http://172.17.0.2:3000/
<i> [webpack-dev-server] Content not from webpack is served from './public' directory
Injecting EditorRootWrapper import: ../.ve/EditorRootWrapper
asset bundle.js 1.41 MiB [emitted] (name: main)
asset index.html 1.98 KiB [emitted]
runtime modules 27.5 KiB 14 modules
modules by path ./node_modules/ 1.24 MiB 31 modules
modules by path ./src/ 28.9 KiB
  modules by path ./src/*.css 10.3 KiB 4 modules
  modules by path ./src/*.js 18.6 KiB
    ./src/index.js 530 bytes [built] [code generated]
    ./src/App.js 18.1 KiB [built] [code generated]
modules by path ./.ve/ 15.1 KiB
  modules by path ./.ve/*.js 10.6 KiB 2 modules
  modules by path ./.ve/*.css 2.93 KiB
    ./.ve/EditorOverlay.css 2.25 KiB [built] [code generated]
    ./node_modules/css-loader/dist/cjs.js!./.ve/EditorOverlay.css 697 bytes [built] [code generated]
  ./.ve/EditorOverlay.jsx 1.58 KiB [built] [code generated]
webpack 5.99.9 compiled successfully in 1209 ms
assets by status 1.98 KiB [cached] 1 asset
assets by path *.js 1.42 MiB
  asset bundle.js 1.41 MiB [emitted] (name: main)
  asset main.675bf2156c814b86faf5.hot-update.js 7.67 KiB [emitted] [immutable] [hmr] (name: main)
asset main.675bf2156c814b86faf5.hot-update.json 28 bytes [emitted] [immutable] [hmr]
Entrypoint main 1.42 MiB = bundle.js 1.41 MiB main.675bf2156c814b86faf5.hot-update.js 7.67 KiB
cached modules 1.28 MiB [cached] 41 modules
runtime modules 27.5 KiB 14 modules
./node_modules/css-loader/dist/cjs.js!./src/App.css 5.07 KiB [built] [code generated]
webpack 5.99.9 compiled successfully in 81 ms
<i> [webpack-dev-middleware] wait until bundle finished: /main.675bf2156c814b86faf5.hot-update.json
assets by status 1.98 KiB [cached] 1 asset
assets by path *.js 1.42 MiB
  asset bundle.js 1.41 MiB [emitted] (name: main)
  asset main.7d0d224e7f64df228eaa.hot-update.js 7.74 KiB [emitted] [immutable] [hmr] (name: main)
asset main.7d0d224e7f64df228eaa.hot-update.json 28 bytes [emitted] [immutable] [hmr]
Entrypoint main 1.42 MiB = bundle.js 1.41 MiB main.7d0d224e7f64df228eaa.hot-update.js 7.74 KiB
cached modules 1.28 MiB [cached] 41 modules
runtime modules 27.5 KiB 14 modules
./node_modules/css-loader/dist/cjs.js!./src/App.css 5.13 KiB [built] [code generated]
webpack 5.99.9 compiled successfully in 40 ms
assets by status 1.98 KiB [cached] 1 asset
assets by path *.js 1.42 MiB
  asset bundle.js 1.41 MiB [emitted] (name: main)
  asset main.7b2cc03de97a83a4c145.hot-update.js 7.76 KiB [emitted] [immutable] [hmr] (name: main)
asset main.7b2cc03de97a83a4c145.hot-update.json 28 bytes [emitted] [immutable] [hmr]
Entrypoint main 1.42 MiB = bundle.js 1.41 MiB main.7b2cc03de97a83a4c145.hot-update.js 7.76 KiB
cached modules 1.28 MiB [cached] 41 modules
runtime modules 27.5 KiB 14 modules
./node_modules/css-loader/dist/cjs.js!./src/App.css 5.15 KiB [built] [code generated]
webpack 5.99.9 compiled successfully in 33 ms
assets by status 1.98 KiB [cached] 1 asset
assets by path *.js 1.42 MiB
  asset bundle.js 1.41 MiB [emitted] (name: main)
  asset main.e5a526a9ee39b8e38e35.hot-update.js 7.8 KiB [emitted] [immutable] [hmr] (name: main)
asset main.e5a526a9ee39b8e38e35.hot-update.json 28 bytes [emitted] [immutable] [hmr]
Entrypoint main 1.42 MiB = bundle.js 1.41 MiB main.e5a526a9ee39b8e38e35.hot-update.js 7.8 KiB
cached modules 1.28 MiB [cached] 41 modules
runtime modules 27.5 KiB 14 modules
./node_modules/css-loader/dist/cjs.js!./src/App.css 5.19 KiB [built] [code generated]
webpack 5.99.9 compiled successfully in 29 ms
assets by status 1.98 KiB [cached] 1 asset
assets by path *.js 1.42 MiB
  asset bundle.js 1.41 MiB [emitted] (name: main)
  asset main.7f144f6ced1bd7918e48.hot-update.js 7.86 KiB [emitted] [immutable] [hmr] (name: main)
asset main.7f144f6ced1bd7918e48.hot-update.json 28 bytes [emitted] [immutable] [hmr]
Entrypoint main 1.42 MiB = bundle.js 1.41 MiB main.7f144f6ced1bd7918e48.hot-update.js 7.86 KiB
cached modules 1.28 MiB [cached] 41 modules
runtime modules 27.5 KiB 14 modules
./node_modules/css-loader/dist/cjs.js!./src/App.css 5.24 KiB [built] [code generated]
webpack 5.99.9 compiled successfully in 28 ms
assets by status 1.98 KiB [cached] 1 asset
assets by path *.js 1.42 MiB
  asset bundle.js 1.41 MiB [emitted] (name: main)
  asset main.a280cef89a0281e7bce5.hot-update.js 7.86 KiB [emitted] [immutable] [hmr] (name: main)
asset main.a280cef89a0281e7bce5.hot-update.json 28 bytes [emitted] [immutable] [hmr]
Entrypoint main 1.42 MiB = bundle.js 1.41 MiB main.a280cef89a0281e7bce5.hot-update.js 7.86 KiB
cached modules 1.28 MiB [cached] 41 modules
runtime modules 27.5 KiB 14 modules
./node_modules/css-loader/dist/cjs.js!./src/App.css 5.24 KiB [built] [code generated]
webpack 5.99.9 compiled successfully in 34 ms
assets by status 1.42 MiB [cached] 2 assets
cached modules 1.28 MiB (javascript) 27.5 KiB (runtime) [cached] 55 modules
./node_modules/css-loader/dist/cjs.js!./src/App.css 5.24 KiB [built]
webpack 5.99.9 compiled successfully in 24 ms
assets by status 1.98 KiB [cached] 1 asset
assets by path *.js 1.42 MiB
  asset bundle.js 1.41 MiB [emitted] (name: main)
  asset main.7f726e3f793d587ca5ee.hot-update.js 8.04 KiB [emitted] [immutable] [hmr] (name: main)
asset main.7f726e3f793d587ca5ee.hot-update.json 28 bytes [emitted] [immutable] [hmr]
Entrypoint main 1.42 MiB = bundle.js 1.41 MiB main.7f726e3f793d587ca5ee.hot-update.js 8.04 KiB
cached modules 1.28 MiB [cached] 41 modules
runtime modules 27.5 KiB 14 modules
./node_modules/css-loader/dist/cjs.js!./src/App.css 5.42 KiB [built] [code generated]
webpack 5.99.9 compiled successfully in 29 ms
assets by status 1.98 KiB [cached] 1 asset
assets by path *.js 1.42 MiB
  asset bundle.js 1.41 MiB [emitted] (name: main)
  asset main.f591c59e16afa0c86bfa.hot-update.js 8.09 KiB [emitted] [immutable] [hmr] (name: main)
asset main.f591c59e16afa0c86bfa.hot-update.json 28 bytes [emitted] [immutable] [hmr]
Entrypoint main 1.42 MiB = bundle.js 1.41 MiB main.f591c59e16afa0c86bfa.hot-update.js 8.09 KiB
cached modules 1.28 MiB [cached] 41 modules
runtime modules 27.5 KiB 14 modules
./node_modules/css-loader/dist/cjs.js!./src/App.css 5.47 KiB [built] [code generated]
webpack 5.99.9 compiled successfully in 34 ms
assets by status 1.98 KiB [cached] 1 asset
assets by path *.js 1.42 MiB
  asset bundle.js 1.41 MiB [emitted] (name: main)
  asset main.aa959905224fa0ccd6d2.hot-update.js 8.09 KiB [emitted] [immutable] [hmr] (name: main)
asset main.aa959905224fa0ccd6d2.hot-update.json 28 bytes [emitted] [immutable] [hmr]
Entrypoint main 1.42 MiB = bundle.js 1.41 MiB main.aa959905224fa0ccd6d2.hot-update.js 8.09 KiB
cached modules 1.28 MiB [cached] 41 modules
runtime modules 27.5 KiB 14 modules
./node_modules/css-loader/dist/cjs.js!./src/App.css 5.47 KiB [built] [code generated]
webpack 5.99.9 compiled successfully in 30 ms
assets by status 1.98 KiB [cached] 1 asset
assets by path *.js 1.42 MiB
  asset bundle.js 1.41 MiB [emitted] (name: main)
  asset main.0c7f65b3068fd2669276.hot-update.js 8.15 KiB [emitted] [immutable] [hmr] (name: main)
asset main.0c7f65b3068fd2669276.hot-update.json 28 bytes [emitted] [immutable] [hmr]
Entrypoint main 1.42 MiB = bundle.js 1.41 MiB main.0c7f65b3068fd2669276.hot-update.js 8.15 KiB
cached modules 1.28 MiB [cached] 41 modules
runtime modules 27.5 KiB 14 modules
./node_modules/css-loader/dist/cjs.js!./src/App.css 5.53 KiB [built] [code generated]
webpack 5.99.9 compiled successfully in 27 ms
assets by status 1.98 KiB [cached] 1 asset
assets by path *.js 1.42 MiB
  asset bundle.js 1.41 MiB [emitted] (name: main)
  asset main.2d695224121f3b17de7a.hot-update.js 8.31 KiB [emitted] [immutable] [hmr] (name: main)
asset main.2d695224121f3b17de7a.hot-update.json 28 bytes [emitted] [immutable] [hmr]
Entrypoint main 1.42 MiB = bundle.js 1.41 MiB main.2d695224121f3b17de7a.hot-update.js 8.31 KiB
cached modules 1.28 MiB [cached] 41 modules
runtime modules 27.5 KiB 14 modules
./node_modules/css-loader/dist/cjs.js!./src/App.css 5.67 KiB [built] [code generated]
webpack 5.99.9 compiled successfully in 29 ms
assets by status 1.98 KiB [cached] 1 asset
assets by path *.js 1.42 MiB
  asset bundle.js 1.41 MiB [emitted] (name: main)
  asset main.451d22b36ae0a518add9.hot-update.js 8.39 KiB [emitted] [immutable] [hmr] (name: main)
asset main.451d22b36ae0a518add9.hot-update.json 28 bytes [emitted] [immutable] [hmr]
Entrypoint main 1.42 MiB = bundle.js 1.41 MiB main.451d22b36ae0a518add9.hot-update.js 8.39 KiB
cached modules 1.28 MiB [cached] 41 modules
runtime modules 27.5 KiB 14 modules
./node_modules/css-loader/dist/cjs.js!./src/App.css 5.75 KiB [built] [code generated]
webpack 5.99.9 compiled successfully in 28 ms
assets by status 1.98 KiB [cached] 1 asset
assets by path *.js 1.42 MiB
  asset bundle.js 1.41 MiB [emitted] (name: main)
  asset main.f58d0d4a17a46c1e968b.hot-update.js 8.42 KiB [emitted] [immutable] [hmr] (name: main)
asset main.f58d0d4a17a46c1e968b.hot-update.json 28 bytes [emitted] [immutable] [hmr]
Entrypoint main 1.42 MiB = bundle.js 1.41 MiB main.f58d0d4a17a46c1e968b.hot-update.js 8.42 KiB
cached modules 1.28 MiB [cached] 41 modules
runtime modules 27.5 KiB 14 modules
./node_modules/css-loader/dist/cjs.js!./src/App.css 5.78 KiB [built] [code generated]
webpack 5.99.9 compiled successfully in 25 ms
assets by status 1.98 KiB [cached] 1 asset
assets by path *.js 1.42 MiB
  asset bundle.js 1.41 MiB [emitted] (name: main)
  asset main.0aca49ec6c1805e58060.hot-update.js 8.46 KiB [emitted] [immutable] [hmr] (name: main)
asset main.0aca49ec6c1805e58060.hot-update.json 28 bytes [emitted] [immutable] [hmr]
Entrypoint main 1.42 MiB = bundle.js 1.41 MiB main.0aca49ec6c1805e58060.hot-update.js 8.46 KiB
cached modules 1.28 MiB [cached] 41 modules
runtime modules 27.5 KiB 14 modules
./node_modules/css-loader/dist/cjs.js!./src/App.css 5.82 KiB [built] [code generated]
webpack 5.99.9 compiled successfully in 26 ms
assets by status 1.98 KiB [cached] 1 asset
assets by path *.js 1.42 MiB
  asset bundle.js 1.41 MiB [emitted] (name: main)
  asset main.df43b023d830cb38c4d9.hot-update.js 8.9 KiB [emitted] [immutable] [hmr] (name: main)
asset main.df43b023d830cb38c4d9.hot-update.json 28 bytes [emitted] [immutable] [hmr]
Entrypoint main 1.42 MiB = bundle.js 1.41 MiB main.df43b023d830cb38c4d9.hot-update.js 8.9 KiB
cached modules 1.28 MiB [cached] 41 modules
runtime modules 27.5 KiB 14 modules
./node_modules/css-loader/dist/cjs.js!./src/App.css 6.25 KiB [built] [code generated]
webpack 5.99.9 compiled successfully in 40 ms
assets by status 1.98 KiB [cached] 1 asset
assets by path *.js 1.42 MiB
  asset bundle.js 1.41 MiB [emitted] (name: main)
  asset main.4eadb4aa363240394c95.hot-update.js 9.21 KiB [emitted] [immutable] [hmr] (name: main)
asset main.4eadb4aa363240394c95.hot-update.json 28 bytes [emitted] [immutable] [hmr]
Entrypoint main 1.42 MiB = bundle.js 1.41 MiB main.4eadb4aa363240394c95.hot-update.js 9.21 KiB
cached modules 1.28 MiB [cached] 41 modules
runtime modules 27.5 KiB 14 modules
./node_modules/css-loader/dist/cjs.js!./src/App.css 6.54 KiB [built] [code generated]
webpack 5.99.9 compiled successfully in 26 ms
assets by status 1.98 KiB [cached] 1 asset
assets by path *.js 1.42 MiB
  asset bundle.js 1.41 MiB [emitted] (name: main)
  asset main.fdf626f87ce5bec2ccce.hot-update.js 9.55 KiB [emitted] [immutable] [hmr] (name: main)
asset main.fdf626f87ce5bec2ccce.hot-update.json 28 bytes [emitted] [immutable] [hmr]
Entrypoint main 1.42 MiB = bundle.js 1.41 MiB main.fdf626f87ce5bec2ccce.hot-update.js 9.55 KiB
cached modules 1.28 MiB [cached] 41 modules
runtime modules 27.5 KiB 14 modules
./node_modules/css-loader/dist/cjs.js!./src/App.css 6.87 KiB [built] [code generated]
webpack 5.99.9 compiled successfully in 23 ms
assets by status 1.98 KiB [cached] 1 asset
assets by path *.js 1.42 MiB
  asset bundle.js 1.41 MiB [emitted] (name: main)
  asset main.690a2a39e843dc802c36.hot-update.js 9.59 KiB [emitted] [immutable] [hmr] (name: main)
asset main.690a2a39e843dc802c36.hot-update.json 28 bytes [emitted] [immutable] [hmr]
Entrypoint main 1.42 MiB = bundle.js 1.41 MiB main.690a2a39e843dc802c36.hot-update.js 9.59 KiB
cached modules 1.28 MiB [cached] 41 modules
runtime modules 27.5 KiB 14 modules
./node_modules/css-loader/dist/cjs.js!./src/App.css 6.91 KiB [built] [code generated]
webpack 5.99.9 compiled successfully in 38 ms
